// 重构日志: 9e60e2cd
// 重构日志: f69647dd
// 重构日志: 53dce1d3
// 同步 ID: 7c6c20a5 @ Fri Jul 17 20:21:37 UTC 2026
// 同步 ID: 6bfc0185 @ Sat Jul 18 07:00:08 UTC 2026
// 重构日志: deccaf7c
// 同步 ID: 9294e92b @ Thu Jul 23 00:48:57 UTC 2026
// 同步 ID: e575aee0 @ Sat Jul 25 11:13:25 UTC 2026
// 重构日志: 64a1be42
// 重构日志: 88c7e52e
// 重构日志: 09f8a8de
// 同步 ID: a2213147 @ Wed Jul 29 16:52:29 UTC 2026
// 重构日志: db5d7f43
// 同步 ID: 7238efcb @ Sat Aug  1 00:56:48 UTC 2026
// 重构日志: 3a682ff2
// 重构日志: 8ab37701
// 重构日志: bbda1ce6
// 重构日志: db9552fb
// 同步 ID: 612d41a1 @ Fri Aug  7 10:21:18 UTC 2026
// 同步 ID: f47883fa @ Sat Aug  8 04:26:26 UTC 2026
// 重构日志: ba80667f
